MPLINK 4.49, Linker
Linker Map File - Created Wed May 15 22:41:46 2019

                                 Section Info
                  Section       Type    Address   Location Size(Bytes)
                ---------  ---------  ---------  ---------  ---------
                   .org_0       code   0x000000    program   0x000000
                   .org_1       code   0x000000    program   0x000002
                   .org_2       code   0x000004    program   0x000002
                   .org_3       code   0x000009    program   0x000042
      .config_2007_ODEV.O       code   0x002007    program   0x000002



                              Program Memory Usage 
                               Start         End      
                           ---------   ---------      
                            0x000000    0x000000      
                            0x000004    0x000004      
                            0x000009    0x000029      
                            0x002007    0x002007      
            36 out of 8454 program addresses used, program memory utilization is 0%



                              Symbols - Sorted by Name
                     Name    Address   Location    Storage File                     
                ---------  ---------  ---------  --------- ---------                
                     AYAR   0x00000b    program     static F:\Flash\DESLER\Micro\Uygulamalar\2sevensegment\odev.asm
                    GECIK   0x000021    program     static F:\Flash\DESLER\Micro\Uygulamalar\2sevensegment\odev.asm
                  GECIKME   0x00001b    program     static F:\Flash\DESLER\Micro\Uygulamalar\2sevensegment\odev.asm
                    KESME   0x00000a    program     static F:\Flash\DESLER\Micro\Uygulamalar\2sevensegment\odev.asm
                     LOOP   0x000010    program     static F:\Flash\DESLER\Micro\Uygulamalar\2sevensegment\odev.asm
                     MAIN   0x000010    program     static F:\Flash\DESLER\Micro\Uygulamalar\2sevensegment\odev.asm



                              Symbols - Sorted by Address
                     Name    Address   Location    Storage File                     
                ---------  ---------  ---------  --------- ---------                
                    KESME   0x00000a    program     static F:\Flash\DESLER\Micro\Uygulamalar\2sevensegment\odev.asm
                     AYAR   0x00000b    program     static F:\Flash\DESLER\Micro\Uygulamalar\2sevensegment\odev.asm
                     LOOP   0x000010    program     static F:\Flash\DESLER\Micro\Uygulamalar\2sevensegment\odev.asm
                     MAIN   0x000010    program     static F:\Flash\DESLER\Micro\Uygulamalar\2sevensegment\odev.asm
                  GECIKME   0x00001b    program     static F:\Flash\DESLER\Micro\Uygulamalar\2sevensegment\odev.asm
                    GECIK   0x000021    program     static F:\Flash\DESLER\Micro\Uygulamalar\2sevensegment\odev.asm


